Sun 2026-10-04 20:47:49 +07 650711040 651636736
1791121681.511987774 active 650706944 651636736 avail_kb=4051756 tr_mtime=-
1791121683.545584873 active 655982592 656609280 avail_kb=3961680 tr_mtime=-
1791121685.581406306 active 637198336 660480000 avail_kb=4043916 tr_mtime=-
1791121687.611018361 active 636399616 660480000 avail_kb=4035336 tr_mtime=-
1791121689.647907056 active 611352576 660480000 avail_kb=4004576 tr_mtime=-
1791121691.725440807 active 619294720 660480000 avail_kb=4101088 tr_mtime=-
1791121693.776034054 active 623788032 660480000 avail_kb=4149976 tr_mtime=1791121692
1791121695.809779194 active 585519104 660480000 avail_kb=4144816 tr_mtime=1791121692
1791121697.854609167 active 586588160 660480000 avail_kb=4129512 tr_mtime=1791121692
1791121699.895476530 active 586416128 660480000 avail_kb=4101028 tr_mtime=1791121692
1791121702.003008832 active 587116544 660480000 avail_kb=4359216 tr_mtime=1791121692
1791121704.050974099 active 607227904 660480000 avail_kb=4293512 tr_mtime=1791121692
1791121706.085509619 active 624541696 660480000 avail_kb=4240664 tr_mtime=1791121692
1791121709.959075263 active 626925568 660480000 avail_kb=4178424 tr_mtime=1791121692
1791121712.005514816 active 627228672 660480000 avail_kb=4212596 tr_mtime=1791121692
1791121714.051948770 active 628895744 660480000 avail_kb=4230176 tr_mtime=1791121692
1791121716.086973492 active 306769920 660480000 avail_kb=4621940 tr_mtime=1791121692
1791121718.119114131 deactivating 202199040 660480000 avail_kb=4716928 tr_mtime=1791121692
1791121720.158769328 deactivating 65748992 660480000 avail_kb=4953064 tr_mtime=1791121692
1791121722.216190315 deactivating 51712000 660480000 avail_kb=4953508 tr_mtime=1791121692
1791121724.275125400 deactivating 42139648 660480000 avail_kb=4913220 tr_mtime=1791121692
1791121726.319754355 deactivating 42119168 660480000 avail_kb=4923836 tr_mtime=1791121692
1791121730.365428512 deactivating 42102784 660480000 avail_kb=4866532 tr_mtime=1791121692
1791121732.424301932 deactivating 42102784 660480000 avail_kb=4853180 tr_mtime=1791121692
1791121734.464733644 deactivating 42102784 660480000 avail_kb=4733440 tr_mtime=1791121692
1791121736.502020324 deactivating 42369024 660480000 avail_kb=4626564 tr_mtime=1791121692
1791121738.534996425 deactivating 42131456 660480000 avail_kb=4714588 tr_mtime=1791121692
1791121740.571834829 deactivating 42086400 660480000 avail_kb=4624304 tr_mtime=1791121692
