time="2026-08-03T20:34:58+07:00" level=warning msg="/home/tony/CascadeProjects/chaba/docker-compose.yml: the attribute `version` is obsolete, it will be ignored, please remove it to avoid potential confusion"
time="2026-08-04T02:00:01+07:00" level=warning msg="/home/tony/CascadeProjects/chaba/docker-compose.yml: the attribute `version` is obsolete, it will be ignored, please remove it to avoid potential confusion"
2026-08-06T02:00:06+07:00	INFO	[vuln] Vulnerability scanning is enabled
2026-08-06T02:00:06+07:00	INFO	Detected OS	family="alpine" version="3.23.5"
2026-08-06T02:00:06+07:00	INFO	[alpine] Detecting vulnerabilities...	os_version="3.23" repository="3.23" pkg_num=32
2026-08-06T02:00:07+07:00	INFO	Number of language-specific files	num=1
2026-08-06T02:00:07+07:00	INFO	[gobinary] Detecting vulnerabilities...
2026-08-06T02:00:07+07:00	WARN	Using severities from other vendors for some vulnerabilities. Read https://trivy.dev/docs/v0.71/guide/scanner/vulnerability#severity-selection for details.
2026-08-06T02:00:07+07:00	INFO	[vuln] Vulnerability scanning is enabled
2026-08-06T02:01:24+07:00	INFO	[python] Licenses acquired from one or more METADATA files may be subject to additional terms. Use `--debug` flag to see all affected packages.
    Failed to scan ghcr.io/blakeblackshear/frigate:stable: spawnSync /bin/sh ETIMEDOUT
2026-08-06T02:02:07+07:00	INFO	[vuln] Vulnerability scanning is enabled
2026-08-06T02:02:12+07:00	ERROR	Failed to acquire cache or database lock, see https://trivy.dev/docs/v0.71/guide/references/troubleshooting#database-and-cache-lock-errors for troubleshooting
2026-08-06T02:02:12+07:00	FATAL	Fatal error	run error: image scan error: scan error: unable to initialize a scan service: unable to initialize cache: unable to initialize fs cache: cache may be in use by another process: timeout
    Failed to scan pgvector/pgvector:pg16: Command failed: trivy image --severity HIGH,CRITICAL --format json --skip-version-check --scanners vuln pgvector/pgvector:pg16
2026-08-06T02:02:07+07:00	INFO	[vuln] Vulnerability scanning is enabled
2026-08-06T02:02:12+07:00	ERROR	Failed to acquire cache or database lock, see https://trivy.dev/docs/v0.71/guide/references/troubleshooting#database-and-cache-lock-errors for troubleshooting
2026-08-06T02:02:12+07:00	FATAL	Fatal error	run error: image scan error: scan error: unable to initialize a scan service: unable to initialize cache: unable to initialize fs cache: cache may be in use by another process: timeout

2026-08-06T02:02:12+07:00	INFO	[vuln] Vulnerability scanning is enabled
2026-08-06T02:02:41+07:00	INFO	Detected OS	family="debian" version="13.6"
2026-08-06T02:02:41+07:00	INFO	[debian] Detecting vulnerabilities...	os_version="13" pkg_num=199
2026-08-06T02:02:41+07:00	INFO	Number of language-specific files	num=1
2026-08-06T02:02:41+07:00	INFO	[gobinary] Detecting vulnerabilities...
2026-08-06T02:02:41+07:00	WARN	Using severities from other vendors for some vulnerabilities. Read https://trivy.dev/docs/v0.71/guide/scanner/vulnerability#severity-selection for details.
    Failed to scan netdata/netdata:stable: spawnSync /bin/sh ENOBUFS
2026-08-06T02:02:42+07:00	INFO	[vuln] Vulnerability scanning is enabled
2026-08-06T02:02:42+07:00	INFO	Detected OS	family="alpine" version="3.24.1"
2026-08-06T02:02:42+07:00	WARN	This OS version is not on the EOL list	family="alpine" version="3.24"
2026-08-06T02:02:42+07:00	INFO	[alpine] Detecting vulnerabilities...	os_version="3.24" repository="3.24" pkg_num=45
2026-08-06T02:02:42+07:00	INFO	Number of language-specific files	num=1
2026-08-06T02:02:42+07:00	INFO	[gobinary] Detecting vulnerabilities...
2026-08-06T02:02:42+07:00	WARN	Using severities from other vendors for some vulnerabilities. Read https://trivy.dev/docs/v0.71/guide/scanner/vulnerability#severity-selection for details.
2026-08-06T02:02:42+07:00	INFO	[vuln] Vulnerability scanning is enabled
2026-08-06T02:02:42+07:00	INFO	Detected OS	family="alpine" version="3.21.7"
2026-08-06T02:02:42+07:00	INFO	[alpine] Detecting vulnerabilities...	os_version="3.21" repository="3.21" pkg_num=19
2026-08-06T02:02:42+07:00	INFO	Number of language-specific files	num=0
/bin/sh: 1: pip-audit: not found
    Failed to audit scripts/embeddings/requirements.txt: Command failed: pip-audit -r /home/tony/CascadeProjects/chaba/scripts/embeddings/requirements.txt --format json
/bin/sh: 1: pip-audit: not found

/bin/sh: 1: pip-audit: not found
    Failed to audit frigate/control/requirements.txt: Command failed: pip-audit -r /home/tony/CascadeProjects/chaba/frigate/control/requirements.txt --format json
/bin/sh: 1: pip-audit: not found

/bin/sh: 1: pip-audit: not found
    Failed to audit stacks/web/thai-legal-inference/requirements.txt: Command failed: pip-audit -r /home/tony/CascadeProjects/chaba/stacks/web/thai-legal-inference/requirements.txt --format json
/bin/sh: 1: pip-audit: not found

